// Jest Snapshot v1, https://goo.gl/fbAQLP

exports[`AppCanvas should create and initialize a canvas 1`] = `
Array [
  Object {
    "props": Object {
      "height": 762,
      "width": 1022,
      "x": 0,
      "y": 0,
    },
    "transform": Array [
      1,
      0,
      0,
      1,
      0,
      0,
    ],
    "type": "clearRect",
  },
]
`;
